app/api/chat/route.ts(4,32): error TS2307: Cannot find module '@/repositories/mealRepository' or its corresponding type declarations.
app/api/chat/route.ts(5,35): error TS2307: Cannot find module '@/repositories/profileRepository' or its corresponding type declarations.
app/api/meals/[id]/route.ts(3,35): error TS2307: Cannot find module '@/repositories/profileRepository' or its corresponding type declarations.
app/api/meals/[id]/route.ts(5,32): error TS2307: Cannot find module '@/repositories/mealRepository' or its corresponding type declarations.
app/api/meals/analytics/route.ts(3,35): error TS2307: Cannot find module '@/repositories/profileRepository' or its corresponding type declarations.
app/api/meals/analyze-pantry/route.ts(3,35): error TS2307: Cannot find module '@/repositories/profileRepository' or its corresponding type declarations.
app/api/meals/analyze-preview/route.ts(3,35): error TS2307: Cannot find module '@/repositories/profileRepository' or its corresponding type declarations.
app/api/meals/analyze/route.ts(3,35): error TS2307: Cannot find module '@/repositories/profileRepository' or its corresponding type declarations.
app/api/meals/feedback/route.ts(3,35): error TS2307: Cannot find module '@/repositories/profileRepository' or its corresponding type declarations.
app/api/meals/pantry/suggest/route.ts(4,35): error TS2307: Cannot find module '@/repositories/profileRepository' or its corresponding type declarations.
app/api/meals/route.ts(3,35): error TS2307: Cannot find module '@/repositories/profileRepository' or its corresponding type declarations.
app/api/meals/route.ts(5,53): error TS2307: Cannot find module '@/repositories/mealRepository' or its corresponding type declarations.
app/api/meals/today/route.ts(3,35): error TS2307: Cannot find module '@/repositories/profileRepository' or its corresponding type declarations.
dev/types/validator.ts(53,39): error TS2307: Cannot find module '../../../app/[lang]/dashboard/page.js' or its corresponding type declarations.
dev/types/validator.ts(62,39): error TS2307: Cannot find module '../../../app/[lang]/login/page.js' or its corresponding type declarations.
dev/types/validator.ts(71,39): error TS2307: Cannot find module '../../../app/[lang]/onboarding/page.js' or its corresponding type declarations.
dev/types/validator.ts(80,39): error TS2307: Cannot find module '../../../app/[lang]/page.js' or its corresponding type declarations.
dev/types/validator.ts(89,39): error TS2307: Cannot find module '../../../app/[lang]/signup/page.js' or its corresponding type declarations.
dev/types/validator.ts(98,39): error TS2307: Cannot find module '../../../app/[lang]/auth/callback/route.js' or its corresponding type declarations.
dev/types/validator.ts(107,39): error TS2307: Cannot find module '../../../app/api/chat/route.js' or its corresponding type declarations.
dev/types/validator.ts(116,39): error TS2307: Cannot find module '../../../app/api/health/route.js' or its corresponding type declarations.
dev/types/validator.ts(125,39): error TS2307: Cannot find module '../../../app/api/meals/[id]/route.js' or its corresponding type declarations.
dev/types/validator.ts(134,39): error TS2307: Cannot find module '../../../app/api/meals/analytics/route.js' or its corresponding type declarations.
dev/types/validator.ts(143,39): error TS2307: Cannot find module '../../../app/api/meals/analyze-pantry/route.js' or its corresponding type declarations.
dev/types/validator.ts(152,39): error TS2307: Cannot find module '../../../app/api/meals/analyze-preview/route.js' or its corresponding type declarations.
dev/types/validator.ts(161,39): error TS2307: Cannot find module '../../../app/api/meals/analyze/route.js' or its corresponding type declarations.
dev/types/validator.ts(170,39): error TS2307: Cannot find module '../../../app/api/meals/feedback/route.js' or its corresponding type declarations.
dev/types/validator.ts(179,39): error TS2307: Cannot find module '../../../app/api/meals/pantry/[id]/route.js' or its corresponding type declarations.
dev/types/validator.ts(188,39): error TS2307: Cannot find module '../../../app/api/meals/pantry/route.js' or its corresponding type declarations.
dev/types/validator.ts(197,39): error TS2307: Cannot find module '../../../app/api/meals/pantry/suggest/route.js' or its corresponding type declarations.
dev/types/validator.ts(206,39): error TS2307: Cannot find module '../../../app/api/meals/recipes/route.js' or its corresponding type declarations.
dev/types/validator.ts(215,39): error TS2307: Cannot find module '../../../app/api/meals/route.js' or its corresponding type declarations.
dev/types/validator.ts(224,39): error TS2307: Cannot find module '../../../app/api/meals/today/route.js' or its corresponding type declarations.
dev/types/validator.ts(237,39): error TS2307: Cannot find module '../../../app/[lang]/layout.js' or its corresponding type declarations.
dev/types/validator.ts(246,39): error TS2307: Cannot find module '../../../app/layout.js' or its corresponding type declarations.
services/mealService.ts(1,53): error TS2307: Cannot find module '@/repositories/mealRepository' or its corresponding type declarations.
services/mealService.ts(157,14): error TS7006: Parameter 'acc' implicitly has an 'any' type.
services/mealService.ts(157,19): error TS7006: Parameter 'meal' implicitly has an 'any' type.
